[    0.000000] Linux version 4.15.0-74-generic (buildd@lcy01-amd64-022) (gcc version 7.4.0 (Ubuntu 7.4.0-1ubuntu1~18.04.1)) #84-Ubuntu SMP Thu Dec 19 08:06:28 UTC 2019 (Ubuntu 4.15.0-74.84-generic 4.15.18)
[    0.000000] Command line: BOOT_IMAGE=/boot/vmlinuz-4.15.0-74-generic root=LABEL=cloudimg-rootfs ro console=tty1 console=ttyS0
[    0.000000] KERNEL supported cpus:
[    0.000000]   Intel GenuineIntel
[    0.000000]   AMD AuthenticAMD
[    0.000000]   Centaur CentaurHauls
[    0.000000] x86/fpu: Supporting XSAVE feature 0x001: 'x87 floating point registers'
[    0.000000] x86/fpu: Supporting XSAVE feature 0x002: 'SSE registers'
[    0.000000] x86/fpu: Supporting XSAVE feature 0x004: 'AVX registers'
[    0.000000] x86/fpu: xstate_offset[2]:  576, xstate_sizes[2]:  256
[    0.000000] x86/fpu: Enabled xstate features 0x7, context size is 832 bytes, using 'standard' format.
[    0.000000] e820: BIOS-provided physical RAM map:
[    0.000000] BIOS-e820: [mem 0x0000000000000000-0x000000000009fbff] usable
[    0.000000] BIOS-e820: [mem 0x000000000009fc00-0x000000000009ffff] reserved
[    0.000000] BIOS-e820: [mem 0x00000000000f0000-0x00000000000fffff] reserved
[    0.000000] BIOS-e820: [mem 0x0000000000100000-0x000000003ffeffff] usable
[    0.000000] BIOS-e820: [mem 0x000000003fff0000-0x000000003fffffff] ACPI data
[    0.000000] BIOS-e820: [mem 0x00000000fec00000-0x00000000fec00fff] reserved
[    0.000000] BIOS-e820: [mem 0x00000000fee00000-0x00000000fee00fff] reserved
[    0.000000] BIOS-e820: [mem 0x00000000fffc0000-0x00000000ffffffff] reserved
[    0.000000] NX (Execute Disable) protection: active
[    0.000000] SMBIOS 2.5 present.
[    0.000000] DMI: innotek GmbH VirtualBox/VirtualBox, BIOS VirtualBox 12/01/2006
[    0.000000] Hypervisor detected: KVM
[    0.000000] e820: last_pfn = 0x3fff0 max_arch_pfn = 0x400000000
[    0.000000] MTRR: Disabled
[    0.000000] x86/PAT: MTRRs disabled, skipping PAT initialization too.
[    0.000000] CPU MTRRs all blank - virtualized system.
[    0.000000] x86/PAT: Configuration [0-7]: WB  WT  UC- UC  WB  WT  UC- UC  
[    0.000000] found SMP MP-table at [mem 0x0009fff0-0x0009ffff]
[    0.000000] Scanning 1 areas for low memory corruption
[    0.000000] RAMDISK: [mem 0x3595f000-0x36ca6fff]
[    0.000000] ACPI: Early table checksum verification disabled
[    0.000000] ACPI: RSDP 0x00000000000E0000 000024 (v02 VBOX  )
[    0.000000] ACPI: XSDT 0x000000003FFF0030 00003C (v01 VBOX   VBOXXSDT 00000001 ASL  00000061)
[    0.000000] ACPI: FACP 0x000000003FFF00F0 0000F4 (v04 VBOX   VBOXFACP 00000001 ASL  00000061)
[    0.000000] ACPI: DSDT 0x000000003FFF0470 0022EA (v02 VBOX   VBOXBIOS 00000002 INTL 20100528)
[    0.000000] ACPI: FACS 0x000000003FFF0200 000040
[    0.000000] ACPI: FACS 0x000000003FFF0200 000040
[    0.000000] ACPI: APIC 0x000000003FFF0240 00005C (v02 VBOX   VBOXAPIC 00000001 ASL  00000061)
[    0.000000] ACPI: SSDT 0x000000003FFF02A0 0001CC (v01 VBOX   VBOXCPUT 00000002 INTL 20100528)
[    0.000000] No NUMA configuration found
[    0.000000] Faking a node at [mem 0x0000000000000000-0x000000003ffeffff]
[    0.000000] NODE_DATA(0) allocated [mem 0x3ffc5000-0x3ffeffff]
[    0.000000] kvm-clock: cpu 0, msr 0:3ff44001, primary cpu clock
[    0.000000] kvm-clock: Using msrs 4b564d01 and 4b564d00
[    0.000000] kvm-clock: using sched offset of 7535448005 cycles
[    0.000000] clocksource: kvm-clock: mask: 0xffffffffffffffff max_cycles: 0x1cd42e4dffb, max_idle_ns: 881590591483 ns
[    0.000000] Zone ranges:
[    0.000000]   DMA      [mem 0x0000000000001000-0x0000000000ffffff]
[    0.000000]   DMA32    [mem 0x0000000001000000-0x000000003ffeffff]
[    0.000000]   Normal   empty
[    0.000000]   Device   empty
[    0.000000] Movable zone start for each node
[    0.000000] Early memory node ranges
[    0.000000]   node   0: [mem 0x0000000000001000-0x000000000009efff]
[    0.000000]   node   0: [mem 0x0000000000100000-0x000000003ffeffff]
[    0.000000] Reserved but unavailable: 98 pages
[    0.000000] Initmem setup node 0 [mem 0x0000000000001000-0x000000003ffeffff]
[    0.000000] ACPI: PM-Timer IO Port: 0x4008
[    0.000000] IOAPIC[0]: apic_id 2, version 32, address 0xfec00000, GSI 0-23
[    0.000000] ACPI: INT_SRC_OVR (bus 0 bus_irq 0 global_irq 2 dfl dfl)
[    0.000000] ACPI: INT_SRC_OVR (bus 0 bus_irq 9 global_irq 9 low level)
[    0.000000] Using ACPI (MADT) for SMP configuration information
[    0.000000] smpboot: Allowing 2 CPUs, 0 hotplug CPUs
[    0.000000] PM: Registered nosave memory: [mem 0x00000000-0x00000fff]
[    0.000000] PM: Registered nosave memory: [mem 0x0009f000-0x0009ffff]
[    0.000000] PM: Registered nosave memory: [mem 0x000a0000-0x000effff]
[    0.000000] PM: Registered nosave memory: [mem 0x000f0000-0x000fffff]
[    0.000000] e820: [mem 0x40000000-0xfebfffff] available for PCI devices
[    0.000000] Booting paravirtualized kernel on KVM
[    0.000000] clocksource: refined-jiffies: mask: 0xffffffff max_cycles: 0xffffffff, max_idle_ns: 7645519600211568 ns
[    0.000000] random: get_random_bytes called from start_kernel+0x99/0x4fd with crng_init=0
[    0.000000] setup_percpu: NR_CPUS:8192 nr_cpumask_bits:2 nr_cpu_ids:2 nr_node_ids:1
[    0.000000] percpu: Embedded 45 pages/cpu s147456 r8192 d28672 u1048576
[    0.000000] PV qspinlock hash table entries: 256 (order: 0, 4096 bytes)
[    0.000000] Built 1 zonelists, mobility grouping on.  Total pages: 257913
[    0.000000] Policy zone: DMA32
[    0.000000] Kernel command line: BOOT_IMAGE=/boot/vmlinuz-4.15.0-74-generic root=LABEL=cloudimg-rootfs ro console=tty1 console=ttyS0
[    0.000000] Memory: 982536K/1048120K available (12300K kernel code, 2481K rwdata, 4260K rodata, 2428K init, 2704K bss, 65584K reserved, 0K cma-reserved)
[    0.000000] SLUB: HWalign=64, Order=0-3, MinObjects=0, CPUs=2, Nodes=1
[    0.000000] Kernel/User page tables isolation: enabled
[    0.000000] ftrace: allocating 39322 entries in 154 pages
[    0.004000] Hierarchical RCU implementation.
[    0.004000] 	RCU restricting CPUs from NR_CPUS=8192 to nr_cpu_ids=2.
[    0.004000] 	Tasks RCU enabled.
[    0.004000] RCU: Adjusting geometry for rcu_fanout_leaf=16, nr_cpu_ids=2
[    0.004000] NR_IRQS: 524544, nr_irqs: 440, preallocated irqs: 16
[    0.004000] Console: colour VGA+ 80x25
[    0.004000] console [tty1] enabled
[    0.004000] console [ttyS0] enabled
[    0.004000] ACPI: Core revision 20170831
[    0.004000] ACPI: 2 ACPI AML tables successfully acquired and loaded
[    0.004000] APIC: Switch to symmetric I/O mode setup
[    0.004810] x2apic enabled
[    0.008012] Switched APIC routing to physical x2apic.
[    0.013949] ..TIMER: vector=0x30 apic1=0 pin1=2 apic2=-1 pin2=-1
[    0.016007] tsc: Detected 1599.999 MHz processor
[    0.018201] Calibrating delay loop (skipped) preset value.. 3199.99 BogoMIPS (lpj=6399996)
[    0.020006] pid_max: default: 32768 minimum: 301
[    0.024046] Security Framework initialized
[    0.025706] Yama: becoming mindful.
[    0.028029] AppArmor: AppArmor initialized
[    0.032063] Dentry cache hash table entries: 131072 (order: 8, 1048576 bytes)
[    0.034354] Inode-cache hash table entries: 65536 (order: 7, 524288 bytes)
[    0.036019] Mount-cache hash table entries: 2048 (order: 2, 16384 bytes)
[    0.038150] Mountpoint-cache hash table entries: 2048 (order: 2, 16384 bytes)
[    0.044770] Last level iTLB entries: 4KB 64, 2MB 8, 4MB 8
[    0.048008] Last level dTLB entries: 4KB 64, 2MB 0, 4MB 0, 1GB 4
[    0.051017] Spectre V1 : Mitigation: usercopy/swapgs barriers and __user pointer sanitization
[    0.052007] Spectre V2 : Mitigation: Full generic retpoline
[    0.054221] Spectre V2 : Spectre v2 / SpectreRSB mitigation: Filling RSB on context switch
[    0.056004] Speculative Store Bypass: Vulnerable
[    0.057663] MDS: Mitigation: Clear CPU buffers
[    0.060183] Freeing SMP alternatives memory: 36K
[    0.124164] APIC calibration not consistent with PM-Timer: 126ms instead of 100ms
[    0.128000] APIC delta adjusted to PM-Timer: 6250252 (7931751)
[    0.128221] smpboot: CPU0: Intel(R) Core(TM) i5-5250U CPU @ 1.60GHz (family: 0x6, model: 0x3d, stepping: 0x4)
[    0.132302] Performance Events: unsupported p6 CPU model 61 no PMU driver, software events only.
[    0.136081] Hierarchical SRCU implementation.
[    0.140985] NMI watchdog: Perf event create on CPU 0 failed with -2
[    0.144009] NMI watchdog: Perf NMI watchdog permanently disabled
[    0.148109] smp: Bringing up secondary CPUs ...
[    0.152212] x86: Booting SMP configuration:
[    0.154342] .... node  #0, CPUs:      #1
[    0.004000] kvm-clock: cpu 1, msr 0:3ff44041, secondary cpu clock
[    0.180035] smp: Brought up 1 node, 2 CPUs
[    0.184018] smpboot: Max logical packages: 1
[    0.188104] smpboot: Total of 2 processors activated (6399.99 BogoMIPS)
[    0.192352] devtmpfs: initialized
[    0.196111] x86/mm: Memory block size: 128MB
[    0.200384] evm: security.selinux
[    0.204013] evm: security.SMACK64
[    0.208009] evm: security.SMACK64EXEC
[    0.212023] evm: security.SMACK64TRANSMUTE
[    0.216007] evm: security.SMACK64MMAP
[    0.220008] evm: security.apparmor
[    0.224010] evm: security.ima
[    0.226480] evm: security.capability
[    0.228269] clocksource: jiffies: mask: 0xffffffff max_cycles: 0xffffffff, max_idle_ns: 7645041785100000 ns
[    0.232031] futex hash table entries: 512 (order: 3, 32768 bytes)
[    0.240058] pinctrl core: initialized pinctrl subsystem
[    0.244489] RTC time:  9:59:22, date: 04/03/20
[    0.248299] NET: Registered protocol family 16
[    0.252186] audit: initializing netlink subsys (disabled)
[    0.256125] audit: type=2000 audit(1585907969.752:1): state=initialized audit_enabled=0 res=1
[    0.268060] cpuidle: using governor ladder
[    0.272033] cpuidle: using governor menu
[    0.276084] ACPI: bus type PCI registered
[    0.280010] acpiphp: ACPI Hot Plug PCI Controller Driver version: 0.5
[    0.284181] PCI: Using configuration type 1 for base access
[    0.293392] HugeTLB registered 2.00 MiB page size, pre-allocated 0 pages
[    0.296224] ACPI: Added _OSI(Module Device)
[    0.300030] ACPI: Added _OSI(Processor Device)
[    0.304020] ACPI: Added _OSI(3.0 _SCP Extensions)
[    0.308014] ACPI: Added _OSI(Processor Aggregator Device)
[    0.312014] ACPI: Added _OSI(Linux-Dell-Video)
[    0.316015] ACPI: Added _OSI(Linux-Lenovo-NV-HDMI-Audio)
[    0.320014] ACPI: Added _OSI(Linux-HPI-Hybrid-Graphics)
[    0.324920] ACPI: Executed 1 blocks of module-level executable AML code
[    0.338503] ACPI: Interpreter enabled
[    0.340046] ACPI: (supports S0 S5)
[    0.341829] ACPI: Using IOAPIC for interrupt routing
[    0.344540] PCI: Using host bridge windows from ACPI; if necessary, use "pci=nocrs" and report a bug
[    0.348335] ACPI: Enabled 2 GPEs in block 00 to 07
[    0.369358] ACPI: PCI Root Bridge [PCI0] (domain 0000 [bus 00-ff])
[    0.372028] acpi PNP0A03:00: _OSC: OS supports [ASPM ClockPM Segments MSI]
[    0.381172] acpi PNP0A03:00: _OSC: not requesting OS control; OS requires [ExtendedConfig ASPM ClockPM MSI]
[    0.384698] acpi PNP0A03:00: fail to add MMCONFIG information, can't access extended PCI configuration space under this bridge.
[    0.392377] PCI host bridge to bus 0000:00
[    0.396013] pci_bus 0000:00: root bus resource [io  0x0000-0x0cf7 window]
[    0.400016] pci_bus 0000:00: root bus resource [io  0x0d00-0xffff window]
[    0.404013] pci_bus 0000:00: root bus resource [mem 0x000a0000-0x000bffff window]
[    0.408020] pci_bus 0000:00: root bus resource [mem 0x40000000-0xfdffffff window]
[    0.412039] pci_bus 0000:00: root bus resource [bus 00-ff]
[    0.425387] pci 0000:00:01.1: legacy IDE quirk: reg 0x10: [io  0x01f0-0x01f7]
[    0.428011] pci 0000:00:01.1: legacy IDE quirk: reg 0x14: [io  0x03f6]
[    0.432012] pci 0000:00:01.1: legacy IDE quirk: reg 0x18: [io  0x0170-0x0177]
[    0.436015] pci 0000:00:01.1: legacy IDE quirk: reg 0x1c: [io  0x0376]
[    0.481557] pci 0000:00:07.0: quirk: [io  0x4000-0x403f] claimed by PIIX4 ACPI
[    0.484040] pci 0000:00:07.0: quirk: [io  0x4100-0x410f] claimed by PIIX4 SMB
[    0.514049] ACPI: PCI Interrupt Link [LNKA] (IRQs 5 9 10 *11)
[    0.516432] ACPI: PCI Interrupt Link [LNKB] (IRQs 5 9 *10 11)
[    0.518885] ACPI: PCI Interrupt Link [LNKC] (IRQs 5 *9 10 11)
[    0.520229] ACPI: PCI Interrupt Link [LNKD] (IRQs 5 9 10 *11)
[    0.524684] SCSI subsystem initialized
[    0.528364] pci 0000:00:02.0: vgaarb: setting as boot VGA device
[    0.530758] pci 0000:00:02.0: vgaarb: VGA device added: decodes=io+mem,owns=io+mem,locks=none
[    0.532010] pci 0000:00:02.0: vgaarb: bridge control possible
[    0.534049] vgaarb: loaded
[    0.536069] ACPI: bus type USB registered
[    0.540191] usbcore: registered new interface driver usbfs
[    0.544037] usbcore: registered new interface driver hub
[    0.546091] usbcore: registered new device driver usb
[    0.552040] EDAC MC: Ver: 3.0.0
[    0.556685] PCI: Using ACPI for IRQ routing
[    0.560125] NetLabel: Initializing
[    0.562254] NetLabel:  domain hash size = 128
[    0.564000] NetLabel:  protocols = UNLABELED CIPSOv4 CALIPSO
[    0.564149] NetLabel:  unlabeled traffic allowed by default
[    0.568333] clocksource: Switched to clocksource kvm-clock
[    0.589758] VFS: Disk quotas dquot_6.6.0
[    0.591481] VFS: Dquot-cache hash table entries: 512 (order 0, 4096 bytes)
[    0.594724] AppArmor: AppArmor Filesystem Enabled
[    0.598470] pnp: PnP ACPI init
[    0.601313] pnp: PnP ACPI: found 3 devices
[    0.623952] clocksource: acpi_pm: mask: 0xffffff max_cycles: 0xffffff, max_idle_ns: 2085701024 ns
[    0.635044] NET: Registered protocol family 2
[    0.641061] TCP established hash table entries: 8192 (order: 4, 65536 bytes)
[    0.646809] TCP bind hash table entries: 8192 (order: 5, 131072 bytes)
[    0.659143] TCP: Hash tables configured (established 8192 bind 8192)
[    0.668182] UDP hash table entries: 512 (order: 2, 16384 bytes)
[    0.676196] UDP-Lite hash table entries: 512 (order: 2, 16384 bytes)
[    0.686344] NET: Registered protocol family 1
[    0.692766] pci 0000:00:00.0: Limiting direct PCI/PCI transfers
[    0.700917] pci 0000:00:01.0: Activating ISA DMA hang workarounds
[    0.710013] pci 0000:00:02.0: Video device with shadowed ROM at [mem 0x000c0000-0x000dffff]
[    0.721446] Unpacking initramfs...
[    1.181058] Freeing initrd memory: 19744K
[    1.182925] clocksource: tsc: mask: 0xffffffffffffffff max_cycles: 0x171023f09ff, max_idle_ns: 440795233615 ns
[    1.187935] platform rtc_cmos: registered platform RTC device (no PNP device found)
[    1.194358] Scanning for low memory corruption every 60 seconds
[    1.198276] Initialise system trusted keyrings
[    1.200233] Key type blacklist registered
[    1.205884] workingset: timestamp_bits=36 max_order=18 bucket_order=0
[    1.213833] zbud: loaded
[    1.216035] squashfs: version 4.0 (2009/01/31) Phillip Lougher
[    1.219474] fuse init (API version 7.26)
[    1.226434] Key type asymmetric registered
[    1.228395] Asymmetric key parser 'x509' registered
[    1.230369] Block layer SCSI generic (bsg) driver version 0.4 loaded (major 246)
[    1.235355] io scheduler noop registered
[    1.238676] io scheduler deadline registered
[    1.242010] io scheduler cfq registered (default)
[    1.244217] ACPI: AC Adapter [AC] (off-line)
[    1.246241] input: Power Button as /devices/LNXSYSTM:00/LNXPWRBN:00/input/input0
[    1.249672] ACPI: Power Button [PWRF]
[    1.251177] input: Sleep Button as /devices/LNXSYSTM:00/LNXSLPBN:00/input/input1
[    1.253758] ACPI: Sleep Button [SLPF]
[    1.257212] ACPI: Battery Slot [BAT0] (battery present)
[    1.260872] Serial: 8250/16550 driver, 32 ports, IRQ sharing enabled
[    1.284045] 00:02: ttyS0 at I/O 0x3f8 (irq = 4, base_baud = 115200) is a 16550A
[    1.290471] Linux agpgart interface v0.103
[    1.294058] loop: module loaded
[    1.296232] scsi host0: ata_piix
[    1.297863] scsi host1: ata_piix
[    1.299170] ata1: PATA max UDMA/33 cmd 0x1f0 ctl 0x3f6 bmdma 0xd000 irq 14
[    1.301419] ata2: PATA max UDMA/33 cmd 0x170 ctl 0x376 bmdma 0xd008 irq 15
[    1.304307] libphy: Fixed MDIO Bus: probed
[    1.306276] tun: Universal TUN/TAP device driver, 1.6
[    1.308933] PPP generic driver version 2.4.2
[    1.310748] ehci_hcd: USB 2.0 'Enhanced' Host Controller (EHCI) Driver
[    1.313291] ehci-pci: EHCI PCI platform driver
[    1.314766] ehci-platform: EHCI generic platform driver
[    1.316449] ohci_hcd: USB 1.1 'Open' Host Controller (OHCI) Driver
[    1.318331] ohci-pci: OHCI PCI platform driver
[    1.319724] ohci-platform: OHCI generic platform driver
[    1.322384] uhci_hcd: USB Universal Host Controller Interface driver
[    1.327200] i8042: PNP: PS/2 Controller [PNP0303:PS2K,PNP0f03:PS2M] at 0x60,0x64 irq 1,12
[    1.331289] serio: i8042 KBD port at 0x60,0x64 irq 1
[    1.333209] serio: i8042 AUX port at 0x60,0x64 irq 12
[    1.334871] mousedev: PS/2 mouse device common for all mice
[    1.338162] input: AT Translated Set 2 keyboard as /devices/platform/i8042/serio0/input/input2
[    1.343275] rtc_cmos rtc_cmos: rtc core: registered rtc_cmos as rtc0
[    1.345804] rtc_cmos rtc_cmos: alarms up to one day, 114 bytes nvram
[    1.347765] i2c /dev entries driver
[    1.349263] device-mapper: uevent: version 1.0.3
[    1.350970] device-mapper: ioctl: 4.37.0-ioctl (2017-09-20) initialised: dm-devel@redhat.com
[    1.354084] ledtrig-cpu: registered to indicate activity on CPUs
[    1.357764] NET: Registered protocol family 10
[    1.366866] Segment Routing with IPv6
[    1.368356] NET: Registered protocol family 17
[    1.370082] Key type dns_resolver registered
[    1.371877] mce: Using 0 MCE banks
[    1.373316] RAS: Correctable Errors collector initialized.
[    1.375873] sched_clock: Marking stable (1373265255, 0)->(2991464173, -1618198918)
[    1.379283] registered taskstats version 1
[    1.380703] Loading compiled-in X.509 certificates
[    1.385602] Loaded X.509 cert 'Build time autogenerated kernel key: 62d24f9c726e026b112735485dad6e6e4b50c923'
[    1.389208] zswap: loaded using pool lzo/zbud
[    1.396798] Key type big_key registered
[    1.398302] Key type trusted registered
[    1.402058] Key type encrypted registered
[    1.403345] AppArmor: AppArmor sha1 policy hashing enabled
[    1.405339] ima: No TPM chip found, activating TPM-bypass! (rc=-19)
[    1.409568] ima: Allocated hash algorithm: sha1
[    1.411335] evm: HMAC attrs: 0x1
[    1.413102]   Magic number: 0:607:979
[    1.414389] rtc_cmos rtc_cmos: setting system clock to 2020-04-03 09:59:23 UTC (1585907963)
[    1.417286] BIOS EDD facility v0.16 2004-Jun-25, 0 devices found
[    1.419124] EDD information not available.
[    1.482019] Freeing unused kernel image memory: 2428K
[    1.496224] Write protecting the kernel read-only data: 20480k
[    1.500236] Freeing unused kernel image memory: 2008K
[    1.503764] Freeing unused kernel image memory: 1884K
[    1.515095] x86/mm: Checked W+X mappings: passed, no W+X pages found.
[    1.519552] x86/mm: Checking user space page tables
[    1.530408] x86/mm: Checked W+X mappings: passed, no W+X pages found.
Loading, please wait...
starting version 237
[    1.648047] Fusion MPT base driver 3.04.20
[    1.651732] Copyright (c) 1999-2008 LSI Corporation
[    1.661913] e1000: Intel(R) PRO/1000 Network Driver - version 7.3.21-k8-NAPI
[    1.668173] e1000: Copyright (c) 1999-2006 Intel Corporation.
[    1.706212] Fusion MPT SPI Host driver 3.04.20
[    1.717557] AVX2 version of gcm_enc/dec engaged.
[    1.719892] AES CTR mode by8 optimization enabled
[    1.759037] vboxvideo: loading out-of-tree module taints kernel.
[    1.761774] vboxvideo: module verification failed: signature and/or required key missing - tainting kernel
[    1.947407] input: ImExPS/2 Generic Explorer Mouse as /devices/platform/i8042/serio1/input/input4
[    2.244769] e1000 0000:00:03.0 eth0: (PCI:33MHz:32-bit) 02:57:a3:c3:eb:b7
[    2.247184] e1000 0000:00:03.0 eth0: Intel(R) PRO/1000 Network Connection
[    2.820129] e1000 0000:00:08.0 eth1: (PCI:33MHz:32-bit) 08:00:27:ac:f1:ec
[    2.822628] e1000 0000:00:08.0 eth1: Intel(R) PRO/1000 Network Connection
[    2.826237] e1000 0000:00:08.0 enp0s8: renamed from eth1
[    2.829034] mptbase: ioc0: Initiating bringup
[    2.845930] e1000 0000:00:03.0 enp0s3: renamed from eth0
[    2.932739] ioc0: LSI53C1030 A0: Capabilities={Initiator}
[    3.178003] scsi host2: ioc0: LSI53C1030 A0, FwRev=00000000h, Ports=1, MaxQ=256, IRQ=20
[    3.352675] scsi 2:0:0:0: Direct-Access     VBOX     HARDDISK         1.0  PQ: 0 ANSI: 5
[    3.363009] [drm] VRAM 01000000
[    3.366398] [TTM] Zone  kernel: Available graphics memory: 504318 kiB
[    3.370047] [TTM] Initializing pool allocator
[    3.372490] [TTM] Initializing DMA pool allocator
[    3.376420] fbcon: vboxdrmfb (fb0) is primary device
[    3.380020] Console: switching to colour frame buffer device 100x37
[    3.388158] scsi target2:0:0: Beginning Domain Validation
[    3.388304] vboxvideo 0000:00:02.0: fb0: vboxdrmfb frame buffer device
[    3.397247] scsi target2:0:0: Domain Validation skipping write tests
[    3.400585] scsi target2:0:0: Ending Domain Validation
[    3.402509] scsi target2:0:0: asynchronous
[    3.404941] scsi 2:0:1:0: Direct-Access     VBOX     HARDDISK         1.0  PQ: 0 ANSI: 5
[    3.408308] [drm] Initialized vboxvideo 1.0.0 20130823 for 0000:00:02.0 on minor 0
[    3.428884] scsi target2:0:1: Beginning Domain Validation
[    3.435592] random: fast init done
[    3.436629] scsi target2:0:1: Domain Validation skipping write tests
[    3.438642] scsi target2:0:1: Ending Domain Validation
[    3.440777] scsi target2:0:1: asynchronous
[    3.448835] random: systemd-udevd: uninitialized urandom read (16 bytes read)
[    3.451110] random: systemd-udevd: uninitialized urandom read (16 bytes read)
[    3.452593] sd 2:0:0:0: [sda] 20971520 512-byte logical blocks: (10.7 GB/10.0 GiB)
[    3.454170] random: systemd-udevd: uninitialized urandom read (16 bytes read)
[    3.457393] sd 2:0:0:0: Attached scsi generic sg0 type 0
[    3.462204] sd 2:0:0:0: [sda] Write Protect is off
[    3.464945] sd 2:0:0:0: [sda] Incomplete mode parameter data
[    3.466739] sd 2:0:0:0: [sda] Assuming drive cache: write through
[    3.468920] sd 2:0:1:0: Attached scsi generic sg1 type 0
[    3.471294] sd 2:0:1:0: [sdb] 20480 512-byte logical blocks: (10.5 MB/10.0 MiB)
[    3.473412]  sda: sda1
[    3.475142] sd 2:0:1:0: [sdb] Write Protect is off
[    3.477524] sd 2:0:1:0: [sdb] Incomplete mode parameter data
[    3.478432] sd 2:0:0:0: [sda] Attached SCSI disk
[    3.479976] sd 2:0:1:0: [sdb] Assuming drive cache: write through
[    3.491504] sd 2:0:1:0: [sdb] Attached SCSI disk
Begin: Loading essential drivers ... [    3.732545] raid6: sse2x1   gen()  8721 MB/s
[    3.788219] raid6: sse2x1   xor()  5941 MB/s
[    3.850644] raid6: sse2x2   gen() 11183 MB/s
[    3.900195] raid6: sse2x2   xor()  6687 MB/s
[    3.949093] raid6: sse2x4   gen() 12757 MB/s
[    3.996428] raid6: sse2x4   xor()  7059 MB/s
[    4.044308] raid6: avx2x1   gen() 16933 MB/s
[    4.092028] raid6: avx2x1   xor() 11240 MB/s
[    4.140305] raid6: avx2x2   gen() 19299 MB/s
[    4.188145] raid6: avx2x2   xor()  8484 MB/s
[    4.236236] raid6: avx2x4   gen()  8542 MB/s
[    4.284105] raid6: avx2x4   xor()  8292 MB/s
[    4.285731] raid6: using algorithm avx2x2 gen() 19299 MB/s
[    4.287758] raid6: .... xor() 8484 MB/s, rmw enabled
[    4.289931] raid6: using avx2x2 recovery algorithm
[    4.293231] xor: automatically using best checksumming function   avx       
[    4.297640] async_tx: api initialized (async)
done.
Begin: Running /scripts/init-premount ... done.
Begin: Mounting root file system ... Begin: Running /scripts/local-top ... done.
Begin: Running /scripts/local-premount ... [    4.357929] Btrfs loaded, crc32c=crc32c-intel
Scanning for Btrfs filesystems
done.
Warning: fsck not present, so skipping root file system
[    4.444947] EXT4-fs (sda1): INFO: recovery required on readonly filesystem
[    4.448131] EXT4-fs (sda1): write access will be enabled during recovery
[    4.609692] EXT4-fs (sda1): recovery complete
[    4.612080] EXT4-fs (sda1): mounted filesystem with ordered data mode. Opts: (null)
done.
Begin: Running /scripts/local-bottom ... done.
Begin: Running /scripts/init-bottom ... done.
[    5.040286] ip_tables: (C) 2000-2006 Netfilter Core Team
[    5.061924] systemd[1]: systemd 237 running in system mode. (+PAM +AUDIT +SELINUX +IMA +APPARMOR +SMACK +SYSVINIT +UTMP +LIBCRYPTSETUP +GCRYPT +GNUTLS +ACL +XZ +LZ4 +SECCOMP +BLKID +ELFUTILS +KMOD -IDN2 +IDN -PCRE2 default-hierarchy=hybrid)
[    5.070976] systemd[1]: Detected virtualization oracle.
[    5.072837] systemd[1]: Detected architecture x86-64.

Welcome to [1mUbuntu 18.04.3 LTS[0m!

[    5.095250] systemd[1]: Set hostname to <ubuntu-bionic>.
[    5.880679] systemd[1]: Started Forward Password Requests to Wall Directory Watch.
[[0;32m  OK  [0m] Started Forward Password Requests to Wall Directory Watch.
[    5.885878] systemd[1]: Reached target Swap.
[[0;32m  OK  [0m] Reached target Swap.
[    5.895012] systemd[1]: Created slice System Slice.
[[0;32m  OK  [0m] Created slice System Slice.
[    5.898796] systemd[1]: Listening on Journal Socket.
[[0;32m  OK  [0m] Listening on Journal Socket.
[    5.913161] systemd[1]: Starting Load Kernel Modules...
         Starting Load Kernel Modules...
[    5.918229] systemd[1]: Mounting POSIX Message Queue File System...
         Mounting POSIX Message Queue File System...
         Starting Create list of required stâ€¦ce nodes for the current kernel...
[[0;32m  OK  [0m] Listening on udev Control Socket.
[[0;32m  OK  [0m] Reached target User and Group Name Lookups.
[    5.937979] Loading iSCSI transport class v2.0-870.
         Starting Uncomplicated firewall...
[[0;32m  OK  [0m] Listening on Device-mapper event daemon FIFOs.
[[0;32m  OK  [0m] Created slice User and Session Slice.
[[0;32m  OK  [0m] Reached target Slices.
[[0;32m  OK  [0m] Set up automount Arbitrary Executabâ€¦rmats File System Automount Point.
[[0;32m  OK  [0m] Created slice system-serial\x2dgetty.slice.
[    5.980439] iscsi: registered transport (tcp)
         Mounting Huge Pages File System...
[[0;32m  OK  [0m] Listening on /dev/initctl Compatibility Named Pipe.
[[0;32m  OK  [0m] Listening on Journal Audit Socket.
[[0;32m  OK  [0m] Listening on Network Service Netlink Socket.
[[0;32m  OK  [0m] Listening on Journal Socket (/dev/log).
[[0;32m  OK  [0m] Listening on udev Kernel Socket.
         Starting udev Coldplug all Devices...
[[0;32m  OK  [0m] Listening on Syslog Socket.
         Starting Journal Service...
         Mounting Kernel Debug File System...
         Starting Remount Root and Kernel File Systems...
[[0;32m  OK  [0m] Listening on LVM2 poll daemon socket.
[[0;32m  OK  [0m] Listening on LVM2 metadata daemon socket.
         Starting Monitoring of LVM2 mirrorsâ€¦ng dmeventd or progress polling...
[[0;32m  OK  [0m] Reached target System Time Synchronized.
[    6.049772] iscsi: registered transport (iser)
         Starting Set the console keyboard layout...
[[0;32m  OK  [0m] Started Load Kernel Modules.
[[0;32m  OK  [0m] Mounted POSIX Message Queue File System.
[[0;32m  OK  [0m] Started Create list of required staâ€¦vice nodes for the current kernel.
[[0;32m  OK  [0m] Started Uncomplicated firewall.
[[0;32m  OK  [0m] Mounted Huge Pages File System.
[[0;32m  OK  [0m] Mounted Kernel Debug File System.
         Starting Create Static Device Nodes in /dev...
         Mounting Kernel Configuration File System...
         Starting Apply Kernel Variables...
         Mounting FUSE Control File System...
[[0;32m  OK  [0m] Mounted Kernel Configuration File System.
[[0;32m  OK  [0m] Mounted FUSE Control File System.
[[0;32m  OK  [0m] [    6.117352] EXT4-fs (sda1): re-mounted. Opts: (null)
Started LVM2 metadata daemon.
[[0;32m  OK  [0m] Started Remount Root and Kernel File Systems.
         Starting Load/Save Random Seed...
[[0;32m  OK  [0m] Started Journal Service.
[[0;32m  OK  [0m] Started udev Coldplug all Devices.
[[0;32m  OK  [0m] Started Create Static Device Nodes in /dev.
         Starting udev Kernel Device Manager...
         Starting Flush Journal to Persistent Storage...
[[0;32m  OK  [0m] Started Monitoring of LVM2 mirrors,â€¦sing dmeventd or progress polling.
[[0;32m  OK  [0m] Started Load/Save Random Seed.
[[0;32m  OK  [0m] Started Apply Kernel Variables.
[[0;32m  OK  [0m] Started udev Kernel Device Manager.
[[0;32m  OK  [0m] Started Set the console keyboard layout.
[[0;32m  OK  [0m] Reached target Local File Systems (Pre).
[[0;32m  OK  [0m] Reached target Local File Systems.
         Starting Set console font and keymap...
         Starting AppArmor initialization...
         Starting ebtables ruleset management...
         Starting Tell Plymouth To Write Out Runtime Data...
[[0;32m  OK  [0m] Started Dispatch Password Requests to Console Directory Watch.
[[0;32m  OK  [0m] Reached target Local Encrypted Volumes.
[[0;32m  OK  [0m] Started Set console font and keymap.
[[0;32m  OK  [0m] Started Tell Plymouth To Write Out Runtime Data.
[[0;32m  OK  [0m] Started ebtables ruleset management.
[[0;32m  OK  [0m] Started Flush Journal to Persistent Storage.
         Starting Create Volatile Files and Directories...
[[0;32m  OK  [0m] Started Create Volatile Files and Directories.
         Starting Update UTMP about System Boot/Shutdown...
[[0;32m  OK  [0m] Started Update UTMP about System Boot/Shutdown.
[[0;32m  OK  [0m] Found device /dev/ttyS0.
[[0;32m  OK  [0m] Started AppArmor initialization.
         Starting Initial cloud-init job (pre-networking)...
[[0;32m  OK  [0m] Listening on Load/Save RF Kill Switch Status /dev/rfkill Watch.
[   10.332149] cloud-init[520]: Cloud-init v. 19.3-41-gc4735dd3-0ubuntu1~18.04.1 running 'init-local' at Fri, 03 Apr 2020 09:59:31 +0000. Up 9.88 seconds.
[[0;32m  OK  [0m] Started Initial cloud-init job (pre-networking).
[[0;32m  OK  [0m] Reached target Network (Pre).
         Starting Network Service...
[[0;32m  OK  [0m] Started Network Service.
         Starting Wait for Network to be Configured...
         Starting Network Name Resolution...
[[0;32m  OK  [0m] Started Network Name Resolution.
[[0;32m  OK  [0m] Reached target Network.
[[0;32m  OK  [0m] Reached target Host and Network Name Lookups.
[[0;32m  OK  [0m] Started Wait for Network to be Configured.
         Starting Initial cloud-init job (metadata service crawler)...
[   13.234117] cloud-init[701]: Cloud-init v. 19.3-41-gc4735dd3-0ubuntu1~18.04.1 running 'init' at Fri, 03 Apr 2020 09:59:35 +0000. Up 13.03 seconds.
[   13.237857] cloud-init[701]: ci-info: ++++++++++++++++++++++++++++++++++++++Net device info+++++++++++++++++++++++++++++++++++++++
[   13.242235] cloud-init[701]: ci-info: +--------+------+-----------------------------+---------------+--------+-------------------+
[   13.245390] cloud-init[701]: ci-info: | Device |  Up  |           Address           |      Mask     | Scope  |     Hw-Address    |
[   13.250425] cloud-init[701]: ci-info: +--------+------+-----------------------------+---------------+--------+-------------------+
[   13.254635] cloud-init[701]: ci-info: | enp0s3 | True |          10.0.2.15          | 255.255.255.0 | global | 02:57:a3:c3:eb:b7 |
[   13.259139] cloud-init[701]: ci-info: | enp0s3 | True |  fe80::57:a3ff:fec3:ebb7/64 |       .       |  link  | 02:57:a3:c3:eb:b7 |
[   13.262489] cloud-init[701]: ci-info: | enp0s8 | True |        192.168.33.10        | 255.255.255.0 | global | 08:00:27:ac:f1:ec |
[   13.266966] cloud-init[701]: ci-info: | enp0s8 | True | fe80::a00:27ff:feac:f1ec/64 |       .       |  link  | 08:00:27:ac:f1:ec |
[   13.270061] cloud-init[701]: ci-info: |   lo   | True |          127.0.0.1          |   255.0.0.0   |  host  |         .         |
[   13.274872] cloud-init[701]: ci-info: |   lo   | True |           ::1/128           |       .       |  host  |         .         |
[   13.279255] cloud-init[701]: ci-info: +--------+------+-----------------------------+---------------+--------+-------------------+
[   13.283670] cloud-init[701]: ci-info: +++++++++++++++++++++++++++++Route IPv4 info+++++++++++++++++++++++++++++
[   13.286234] cloud-init[701]: ci-info: +-------+--------------+----------+-----------------+-----------+-------+
[   13.290802] cloud-init[701]: ci-info: | Route | Destination  | Gateway  |     Genmask     | Interface | Flags |
[   13.293540] cloud-init[701]: ci-info: +-------+--------------+----------+-----------------+-----------+-------+
[   13.297326] cloud-init[701]: ci-info: |   0   |   0.0.0.0    | 10.0.2.2 |     0.0.0.0     |   enp0s3  |   UG  |
[   13.300894] cloud-init[701]: ci-info: |   1   |   10.0.2.0   | 0.0.0.0  |  255.255.255.0  |   enp0s3  |   U   |
[   13.316369] cloud-init[701]: ci-info: |   2   |   10.0.2.2   | 0.0.0.0  | 255.255.255.255 |   enp0s3  |   UH  |
[   13.320962] cloud-init[701]: ci-info: |   3   | 192.168.33.0 | 0.0.0.0  |  255.255.255.0  |   enp0s8  |   U   |
[   13.324950] cloud-init[701]: ci-info: +-------+--------------+----------+-----------------+-----------+-------+
[   13.328790] cloud-init[701]: ci-info: +++++++++++++++++++Route IPv6 info+++++++++++++++++++
[   13.331986] cloud-init[701]: ci-info: +-------+-------------+---------+-----------+-------+
[   13.335781] cloud-init[701]: ci-info: | Route | Destination | Gateway | Interface | Flags |
[   13.338579] cloud-init[701]: ci-info: +-------+-------------+---------+-----------+-------+
[   13.341422] cloud-init[701]: ci-info: |   1   |  fe80::/64  |    ::   |   enp0s8  |   U   |
[   13.344670] cloud-init[701]: ci-info: |   2   |  fe80::/64  |    ::   |   enp0s3  |   U   |
[   13.347694] cloud-init[701]: ci-info: |   4   |    local    |    ::   |   enp0s3  |   U   |
[   13.349901] cloud-init[701]: ci-info: |   5   |    local    |    ::   |   enp0s8  |   U   |
[   13.352905] cloud-init[701]: ci-info: |   6   |   ff00::/8  |    ::   |   enp0s8  |   U   |
[   13.356008] cloud-init[701]: ci-info: |   7   |   ff00::/8  |    ::   |   enp0s3  |   U   |
[   13.359375] cloud-init[701]: ci-info: +-------+-------------+---------+-----------+-------+
[[0;32m  OK  [0m] Started Initial cloud-init job (metadata service crawler).
[[0;32m  OK  [0m] Reached target Cloud-config availability.
[[0;32m  OK  [0m] Reached target System Initialization.
[[0;32m  OK  [0m] Listening on D-Bus System Message Bus Socket.
[[0;32m  OK  [0m] Started ACPI Events Check.
         Starting LXD - unix socket.
[[0;32m  OK  [0m] Started Message of the Day.
[[0;32m  OK  [0m] Started Daily Cleanup of Temporary Directories.
[[0;32m  OK  [0m] Started Daily apt download activities.
[[0;32m  OK  [0m] Started Daily apt upgrade and clean activities.
[[0;32m  OK  [0m] Reached target Paths.
[[0;32m  OK  [0m] Started Discard unused blocks once a week.
[[0;32m  OK  [0m] Reached target Timers.
[[0;32m  OK  [0m] Listening on ACPID Listen Socket.
         Starting Socket activation for snappy daemon.
[[0;32m  OK  [0m] Listening on UUID daemon activation socket.
[[0;32m  OK  [0m] Listening on Open-iSCSI iscsid Socket.
[[0;32m  OK  [0m] Reached target Network is Online.
[[0;32m  OK  [0m] Reached target Remote File Systems (Pre).
[[0;32m  OK  [0m] Reached target Remote File Systems.
         Starting Availability of block devices...
[[0;32m  OK  [0m] Listening on LXD - unix socket.
[[0;32m  OK  [0m] Listening on Socket activation for snappy daemon.
[[0;32m  OK  [0m] Reached target Sockets.
[[0;32m  OK  [0m] Reached target Basic System.
[[0;32m  OK  [0m] Started FUSE filesystem for LXC.
         Starting Message of the Day...
         Starting Permit User Sessions...
         Starting Accounts Service...
         Starting LSB: Record successful boot for GRUB...
         Starting Snappy daemon...
         Starting Login Service...
         Starting vboxadd.service...
         Starting System Logging Service...
[[0;32m  OK  [0m] Started Deferred execution scheduler.
[[0;32m  OK  [0m] Started irqbalance daemon.
[[0;32m  OK  [0m] Started D-Bus System Message Bus.
         Starting Dispatcher daemon for systemd-networkd...
[[0;32m  OK  [0m] Started Regular background program processing daemon.
         Starting LSB: automatic crash report generation...
         Starting OpenBSD Secure Shell server...
         Starting LXD - container startup/shutdown...
[[0;32m  OK  [0m] Started System Logging Service.
[[0;32m  OK  [0m] Started Availability of block devices.
[[0;32m  OK  [0m] Started Permit User Sessions.
[[0;32m  OK  [0m] Started Login Service.
         Starting Authorization Manager...
[[0;32m  OK  [0m] Started Unattended Upgrades Shutdown.
         Starting Terminate Plymouth Boot Screen...
         Starting Hold until boot process finishes up...
[[0;32m  OK  [0m] Started Hold until boot process finishes up.
         Starting Set console scheme...
[[0;32m  OK  [0m] Started Serial Getty on ttyS0.
[[0;32m  OK  [0m] Started Terminate Plymouth Boot Screen.
[[0;32m  OK  [0m] Started Set console scheme.
[[0;32m  OK  [0m] Created slice system-getty.slice.
[[0;32m  OK  [0m] Started Getty on tty1.
[[0;32m  OK  [0m] Reached target Login Prompts.
[[0;32m  OK  [0m] Started LSB: Record successful boot for GRUB.
[[0;32m  OK  [0m] Started LSB: automatic crash report generation.
[[0;32m  OK  [0m] Started OpenBSD Secure Shell server.
[[0;32m  OK  [0m] Started Authorization Manager.
[[0;32m  OK  [0m] Started Accounts Service.
[[0;32m  OK  [0m] Started LXD - container startup/shutdown.
[[0;32m  OK  [0m] Created slice User Slice of vagrant.
         Starting User Manager for UID 1000...
[[0;32m  OK  [0m] Started Session 1 of user vagrant.
[[0;32m  OK  [0m] Started Snappy daemon.
         Starting Wait until snapd is fully seeded...
[[0;32m  OK  [0m] Started Wait until snapd is fully seeded.
         Starting Apply the settings specified in cloud-config...
[[0;32m  OK  [0m] Started User Manager for UID 1000.
[[0;32m  OK  [0m] Started Dispatcher daemon for systemd-networkd.
[   17.455722] cloud-init[1089]: Cloud-init v. 19.3-41-gc4735dd3-0ubuntu1~18.04.1 running 'modules:config' at Fri, 03 Apr 2020 09:59:39 +0000. Up 17.17 seconds.
[[0;32m  OK  [0m] Started Apply the settings specified in cloud-config.
[[0;32m  OK  [0m] Started Message of the Day.

Ubuntu 18.04.3 LTS ubuntu-bionic ttyS0

ubuntu-bionic login: [   21.933155] cloud-init[1392]: Cloud-init v. 19.3-41-gc4735dd3-0ubuntu1~18.04.1 running 'modules:final' at Fri, 03 Apr 2020 09:59:43 +0000. Up 21.78 seconds.
[   21.933291] cloud-init[1392]: Cloud-init v. 19.3-41-gc4735dd3-0ubuntu1~18.04.1 finished at Fri, 03 Apr 2020 09:59:44 +0000. Datasource DataSourceNoCloud [seed=/dev/sdb][dsmode=net].  Up 21.92 seconds
